Using launch settings from AIS\Properties\launchSettings.json...
C:\Users\Asad Ali\Documents\GitHub\HTTPS-IAS-Production\AIS\Services\FieldAuditReportPdfBuilder.cs(903,51): warning CS8632: The annotation for nullable reference types should only be used in code within a '#nullable' annotations context. [C:\Users\Asad Ali\Documents\GitHub\HTTPS-IAS-Production\AIS\AIS.csproj]
C:\Users\Asad Ali\Documents\GitHub\HTTPS-IAS-Production\AIS\Services\FieldAuditReportPdfBuilder.cs(969,57): warning CS8632: The annotation for nullable reference types should only be used in code within a '#nullable' annotations context. [C:\Users\Asad Ali\Documents\GitHub\HTTPS-IAS-Production\AIS\AIS.csproj]
C:\Users\Asad Ali\Documents\GitHub\HTTPS-IAS-Production\AIS\Models\AccountTransactionSampleModel.cs(15,22): warning CS8632: The annotation for nullable reference types should only be used in code within a '#nullable' annotations context. [C:\Users\Asad Ali\Documents\GitHub\HTTPS-IAS-Production\AIS\AIS.csproj]
C:\Users\Asad Ali\Documents\GitHub\HTTPS-IAS-Production\AIS\Models\AccountTransactionSampleModel.cs(19,22): warning CS8632: The annotation for nullable reference types should only be used in code within a '#nullable' annotations context. [C:\Users\Asad Ali\Documents\GitHub\HTTPS-IAS-Production\AIS\AIS.csproj]
C:\Users\Asad Ali\Documents\GitHub\HTTPS-IAS-Production\AIS\Controllers\EmailController.cs(12,29): warning CS8632: The annotation for nullable reference types should only be used in code within a '#nullable' annotations context. [C:\Users\Asad Ali\Documents\GitHub\HTTPS-IAS-Production\AIS\AIS.csproj]
C:\Users\Asad Ali\Documents\GitHub\HTTPS-IAS-Production\AIS\Controllers\HomeController.cs(173,30): warning CS0114: 'HomeController.StatusCode(int)' hides inherited member 'ControllerBase.StatusCode(int)'. To make the current member override that implementation, add the override keyword. Otherwise add the new keyword. [C:\Users\Asad Ali\Documents\GitHub\HTTPS-IAS-Production\AIS\AIS.csproj]
C:\Users\Asad Ali\Documents\GitHub\HTTPS-IAS-Production\AIS\RoleDashboardPageModel.cs(7,22): warning CS8632: The annotation for nullable reference types should only be used in code within a '#nullable' annotations context. [C:\Users\Asad Ali\Documents\GitHub\HTTPS-IAS-Production\AIS\AIS.csproj]
C:\Users\Asad Ali\Documents\GitHub\HTTPS-IAS-Production\AIS\RoleDashboardPageModel.cs(9,22): warning CS8632: The annotation for nullable reference types should only be used in code within a '#nullable' annotations context. [C:\Users\Asad Ali\Documents\GitHub\HTTPS-IAS-Production\AIS\AIS.csproj]
C:\Users\Asad Ali\Documents\GitHub\HTTPS-IAS-Production\AIS\Models\IID\ComplaintRowDto.cs(10,22): warning CS8632: The annotation for nullable reference types should only be used in code within a '#nullable' annotations context. [C:\Users\Asad Ali\Documents\GitHub\HTTPS-IAS-Production\AIS\AIS.csproj]
C:\Users\Asad Ali\Documents\GitHub\HTTPS-IAS-Production\AIS\Models\IID\HeadReviewModel.cs(10,22): warning CS8632: The annotation for nullable reference types should only be used in code within a '#nullable' annotations context. [C:\Users\Asad Ali\Documents\GitHub\HTTPS-IAS-Production\AIS\AIS.csproj]
C:\Users\Asad Ali\Documents\GitHub\HTTPS-IAS-Production\AIS\Models\IID\HeadReviewModel.cs(14,22): warning CS8632: The annotation for nullable reference types should only be used in code within a '#nullable' annotations context. [C:\Users\Asad Ali\Documents\GitHub\HTTPS-IAS-Production\AIS\AIS.csproj]
C:\Users\Asad Ali\Documents\GitHub\HTTPS-IAS-Production\AIS\Models\IID\HeadReviewModel.cs(16,22): warning CS8632: The annotation for nullable reference types should only be used in code within a '#nullable' annotations context. [C:\Users\Asad Ali\Documents\GitHub\HTTPS-IAS-Production\AIS\AIS.csproj]
C:\Users\Asad Ali\Documents\GitHub\HTTPS-IAS-Production\AIS\Models\IID\HeadReviewModel.cs(18,22): warning CS8632: The annotation for nullable reference types should only be used in code within a '#nullable' annotations context. [C:\Users\Asad Ali\Documents\GitHub\HTTPS-IAS-Production\AIS\AIS.csproj]
C:\Users\Asad Ali\Documents\GitHub\HTTPS-IAS-Production\AIS\Models\IID\HeadReviewModel.cs(20,22): warning CS8632: The annotation for nullable reference types should only be used in code within a '#nullable' annotations context. [C:\Users\Asad Ali\Documents\GitHub\HTTPS-IAS-Production\AIS\AIS.csproj]
C:\Users\Asad Ali\Documents\GitHub\HTTPS-IAS-Production\AIS\Models\IID\HeadReviewModel.cs(22,22): warning CS8632: The annotation for nullable reference types should only be used in code within a '#nullable' annotations context. [C:\Users\Asad Ali\Documents\GitHub\HTTPS-IAS-Production\AIS\AIS.csproj]
C:\Users\Asad Ali\Documents\GitHub\HTTPS-IAS-Production\AIS\Models\ListOfReportsModel.cs(19,22): warning CS8632: The annotation for nullable reference types should only be used in code within a '#nullable' annotations context. [C:\Users\Asad Ali\Documents\GitHub\HTTPS-IAS-Production\AIS\AIS.csproj]
C:\Users\Asad Ali\Documents\GitHub\HTTPS-IAS-Production\AIS\Models\BiometSamplingModel.cs(17,22): warning CS8632: The annotation for nullable reference types should only be used in code within a '#nullable' annotations context. [C:\Users\Asad Ali\Documents\GitHub\HTTPS-IAS-Production\AIS\AIS.csproj]
C:\Users\Asad Ali\Documents\GitHub\HTTPS-IAS-Production\AIS\Models\BiometSamplingModel.cs(25,22): warning CS8632: The annotation for nullable reference types should only be used in code within a '#nullable' annotations context. [C:\Users\Asad Ali\Documents\GitHub\HTTPS-IAS-Production\AIS\AIS.csproj]
C:\Users\Asad Ali\Documents\GitHub\HTTPS-IAS-Production\AIS\Models\BiometSamplingModel.cs(29,22): warning CS8632: The annotation for nullable reference types should only be used in code within a '#nullable' annotations context. [C:\Users\Asad Ali\Documents\GitHub\HTTPS-IAS-Production\AIS\AIS.csproj]
C:\Users\Asad Ali\Documents\GitHub\HTTPS-IAS-Production\AIS\Models\LoanCaseSampleTransactionsModel.cs(14,22): warning CS8632: The annotation for nullable reference types should only be used in code within a '#nullable' annotations context. [C:\Users\Asad Ali\Documents\GitHub\HTTPS-IAS-Production\AIS\AIS.csproj]
C:\Users\Asad Ali\Documents\GitHub\HTTPS-IAS-Production\AIS\Models\LoanCaseSampleTransactionsModel.cs(22,22): warning CS8632: The annotation for nullable reference types should only be used in code within a '#nullable' annotations context. [C:\Users\Asad Ali\Documents\GitHub\HTTPS-IAS-Production\AIS\AIS.csproj]
C:\Users\Asad Ali\Documents\GitHub\HTTPS-IAS-Production\AIS\Models\LoanCaseSampleTransactionsModel.cs(28,22): warning CS8632: The annotation for nullable reference types should only be used in code within a '#nullable' annotations context. [C:\Users\Asad Ali\Documents\GitHub\HTTPS-IAS-Production\AIS\AIS.csproj]
C:\Users\Asad Ali\Documents\GitHub\HTTPS-IAS-Production\AIS\Models\LoanCaseSampleTransactionsModel.cs(32,22): warning CS8632: The annotation for nullable reference types should only be used in code within a '#nullable' annotations context. [C:\Users\Asad Ali\Documents\GitHub\HTTPS-IAS-Production\AIS\AIS.csproj]
C:\Users\Asad Ali\Documents\GitHub\HTTPS-IAS-Production\AIS\Models\LoanCaseSampleTransactionsModel.cs(36,22): warning CS8632: The annotation for nullable reference types should only be used in code within a '#nullable' annotations context. [C:\Users\Asad Ali\Documents\GitHub\HTTPS-IAS-Production\AIS\AIS.csproj]
C:\Users\Asad Ali\Documents\GitHub\HTTPS-IAS-Production\AIS\Models\LoanCaseSampleTransactionsModel.cs(40,22): warning CS8632: The annotation for nullable reference types should only be used in code within a '#nullable' annotations context. [C:\Users\Asad Ali\Documents\GitHub\HTTPS-IAS-Production\AIS\AIS.csproj]
C:\Users\Asad Ali\Documents\GitHub\HTTPS-IAS-Production\AIS\Models\FieldAuditReport\FieldAuditReportViewModels.cs(124,46): warning CS0108: 'NarrativeSectionsViewModel.Overview' hides inherited member 'FieldAuditInputSectionViewModel.Overview'. Use the new keyword if hiding was intended. [C:\Users\Asad Ali\Documents\GitHub\HTTPS-IAS-Production\AIS\AIS.csproj]
C:\Users\Asad Ali\Documents\GitHub\HTTPS-IAS-Production\AIS\Validation\RichTextSanitizeAttribute.cs(27,29): warning CS8632: The annotation for nullable reference types should only be used in code within a '#nullable' annotations context. [C:\Users\Asad Ali\Documents\GitHub\HTTPS-IAS-Production\AIS\AIS.csproj]
C:\Users\Asad Ali\Documents\GitHub\HTTPS-IAS-Production\AIS\TopMenus.cs(53,17): warning CS0618: 'SessionHandler.IsUserLoggedIn()' is obsolete: 'Use controller helpers to validate authentication instead.' [C:\Users\Asad Ali\Documents\GitHub\HTTPS-IAS-Production\AIS\AIS.csproj]
C:\Users\Asad Ali\Documents\GitHub\HTTPS-IAS-Production\AIS\TopMenus.cs(70,17): warning CS0618: 'SessionHandler.IsUserLoggedIn()' is obsolete: 'Use controller helpers to validate authentication instead.' [C:\Users\Asad Ali\Documents\GitHub\HTTPS-IAS-Production\AIS\AIS.csproj]
C:\Users\Asad Ali\Documents\GitHub\HTTPS-IAS-Production\AIS\DBConnection.AD.cs(359,83): warning CS8632: The annotation for nullable reference types should only be used in code within a '#nullable' annotations context. [C:\Users\Asad Ali\Documents\GitHub\HTTPS-IAS-Production\AIS\AIS.csproj]
C:\Users\Asad Ali\Documents\GitHub\HTTPS-IAS-Production\AIS\DBConnection.AD.cs(361,82): warning CS8632: The annotation for nullable reference types should only be used in code within a '#nullable' annotations context. [C:\Users\Asad Ali\Documents\GitHub\HTTPS-IAS-Production\AIS\AIS.csproj]
C:\Users\Asad Ali\Documents\GitHub\HTTPS-IAS-Production\AIS\DBConnection.AD.cs(362,83): warning CS8632: The annotation for nullable reference types should only be used in code within a '#nullable' annotations context. [C:\Users\Asad Ali\Documents\GitHub\HTTPS-IAS-Production\AIS\AIS.csproj]
C:\Users\Asad Ali\Documents\GitHub\HTTPS-IAS-Production\AIS\DBConnection.AD.cs(502,84): warning CS8632: The annotation for nullable reference types should only be used in code within a '#nullable' annotations context. [C:\Users\Asad Ali\Documents\GitHub\HTTPS-IAS-Production\AIS\AIS.csproj]
C:\Users\Asad Ali\Documents\GitHub\HTTPS-IAS-Production\AIS\Middleware\AjaxErrorNotificationMiddleware.cs(192,28): warning CS1998: This async method lacks 'await' operators and will run synchronously. Consider using the 'await' operator to await non-blocking API calls, or 'await Task.Run(...)' to do CPU-bound work on a background thread. [C:\Users\Asad Ali\Documents\GitHub\HTTPS-IAS-Production\AIS\AIS.csproj]
C:\Users\Asad Ali\Documents\GitHub\HTTPS-IAS-Production\AIS\Models\CDMSMasterTransactionModel.cs(10,23): warning CS8618: Non-nullable property 'TRANSACTION_ID' must contain a non-null value when exiting constructor. Consider adding the 'required' modifier or declaring the property as nullable. [C:\Users\Asad Ali\Documents\GitHub\HTTPS-IAS-Production\AIS\AIS.csproj]
C:\Users\Asad Ali\Documents\GitHub\HTTPS-IAS-Production\AIS\Models\CDMSMasterTransactionModel.cs(12,23): warning CS8618: Non-nullable property 'ENTITY_NAME' must contain a non-null value when exiting constructor. Consider adding the 'required' modifier or declaring the property as nullable. [C:\Users\Asad Ali\Documents\GitHub\HTTPS-IAS-Production\AIS\AIS.csproj]
C:\Users\Asad Ali\Documents\GitHub\HTTPS-IAS-Production\AIS\Models\CDMSMasterTransactionModel.cs(14,23): warning CS8618: Non-nullable property 'OLD_ACCOUNT_NO' must contain a non-null value when exiting constructor. Consider adding the 'required' modifier or declaring the property as nullable. [C:\Users\Asad Ali\Documents\GitHub\HTTPS-IAS-Production\AIS\AIS.csproj]
C:\Users\Asad Ali\Documents\GitHub\HTTPS-IAS-Production\AIS\Models\CDMSMasterTransactionModel.cs(16,23): warning CS8618: Non-nullable property 'CNIC' must contain a non-null value when exiting constructor. Consider adding the 'required' modifier or declaring the property as nullable. [C:\Users\Asad Ali\Documents\GitHub\HTTPS-IAS-Production\AIS\AIS.csproj]
C:\Users\Asad Ali\Documents\GitHub\HTTPS-IAS-Production\AIS\Models\CDMSMasterTransactionModel.cs(18,23): warning CS8618: Non-nullable property 'ACCOUNT_NAME' must contain a non-null value when exiting constructor. Consider adding the 'required' modifier or declaring the property as nullable. [C:\Users\Asad Ali\Documents\GitHub\HTTPS-IAS-Production\AIS\AIS.csproj]
C:\Users\Asad Ali\Documents\GitHub\HTTPS-IAS-Production\AIS\Models\CDMSMasterTransactionModel.cs(20,23): warning CS8618: Non-nullable property 'CUSTOMER_NAME' must contain a non-null value when exiting constructor. Consider adding the 'required' modifier or declaring the property as nullable. [C:\Users\Asad Ali\Documents\GitHub\HTTPS-IAS-Production\AIS\AIS.csproj]
C:\Users\Asad Ali\Documents\GitHub\HTTPS-IAS-Production\AIS\Models\CDMSMasterTransactionModel.cs(22,23): warning CS8618: Non-nullable property 'TR_MASTER_CODE' must contain a non-null value when exiting constructor. Consider adding the 'required' modifier or declaring the property as nullable. [C:\Users\Asad Ali\Documents\GitHub\HTTPS-IAS-Production\AIS\AIS.csproj]
C:\Users\Asad Ali\Documents\GitHub\HTTPS-IAS-Production\AIS\Models\CDMSMasterTransactionModel.cs(24,23): warning CS8618: Non-nullable property 'DESCRIPTION' must contain a non-null value when exiting constructor. Consider adding the 'required' modifier or declaring the property as nullable. [C:\Users\Asad Ali\Documents\GitHub\HTTPS-IAS-Production\AIS\AIS.csproj]
C:\Users\Asad Ali\Documents\GitHub\HTTPS-IAS-Production\AIS\Models\CDMSMasterTransactionModel.cs(26,23): warning CS8618: Non-nullable property 'REMARKS' must contain a non-null value when exiting constructor. Consider adding the 'required' modifier or declaring the property as nullable. [C:\Users\Asad Ali\Documents\GitHub\HTTPS-IAS-Production\AIS\AIS.csproj]
C:\Users\Asad Ali\Documents\GitHub\HTTPS-IAS-Production\AIS\Models\CDMSMasterTransactionModel.cs(28,23): warning CS8618: Non-nullable property 'TRANSACTION_DATE' must contain a non-null value when exiting constructor. Consider adding the 'required' modifier or declaring the property as nullable. [C:\Users\Asad Ali\Documents\GitHub\HTTPS-IAS-Production\AIS\AIS.csproj]
C:\Users\Asad Ali\Documents\GitHub\HTTPS-IAS-Production\AIS\Models\CDMSMasterTransactionModel.cs(30,23): warning CS8618: Non-nullable property 'AUTHORIZATION_DATE' must contain a non-null value when exiting constructor. Consider adding the 'required' modifier or declaring the property as nullable. [C:\Users\Asad Ali\Documents\GitHub\HTTPS-IAS-Production\AIS\AIS.csproj]
C:\Users\Asad Ali\Documents\GitHub\HTTPS-IAS-Production\AIS\Models\CDMSMasterTransactionModel.cs(38,23): warning CS8618: Non-nullable property 'TO_ACCOUNT_TITLE' must contain a non-null value when exiting constructor. Consider adding the 'required' modifier or declaring the property as nullable. [C:\Users\Asad Ali\Documents\GitHub\HTTPS-IAS-Production\AIS\AIS.csproj]
C:\Users\Asad Ali\Documents\GitHub\HTTPS-IAS-Production\AIS\Models\CDMSMasterTransactionModel.cs(40,23): warning CS8618: Non-nullable property 'TO_ACCOUNT_NO' must contain a non-null value when exiting constructor. Consider adding the 'required' modifier or declaring the property as nullable. [C:\Users\Asad Ali\Documents\GitHub\HTTPS-IAS-Production\AIS\AIS.csproj]
C:\Users\Asad Ali\Documents\GitHub\HTTPS-IAS-Production\AIS\Models\CDMSMasterTransactionModel.cs(44,23): warning CS8618: Non-nullable property 'INSTRUMENT_NO' must contain a non-null value when exiting constructor. Consider adding the 'required' modifier or declaring the property as nullable. [C:\Users\Asad Ali\Documents\GitHub\HTTPS-IAS-Production\AIS\AIS.csproj]
C:\Users\Asad Ali\Documents\GitHub\HTTPS-IAS-Production\AIS\DBConnection.cs(345,13): warning CS0618: 'SessionHandler.DisposeUserSession()' is obsolete: 'Use ClearUser instead.' [C:\Users\Asad Ali\Documents\GitHub\HTTPS-IAS-Production\AIS\AIS.csproj]
C:\Users\Asad Ali\Documents\GitHub\HTTPS-IAS-Production\AIS\DBConnection.cs(455,17): warning CS0618: 'SessionHandler.DisposeUserSession()' is obsolete: 'Use ClearUser instead.' [C:\Users\Asad Ali\Documents\GitHub\HTTPS-IAS-Production\AIS\AIS.csproj]
C:\Users\Asad Ali\Documents\GitHub\HTTPS-IAS-Production\AIS\DBConnection.cs(546,31): warning CS0618: 'SessionHandler.SetSessionUser(UserModel)' is obsolete: 'Use SetUser with a SessionUser instance instead.' [C:\Users\Asad Ali\Documents\GitHub\HTTPS-IAS-Production\AIS\AIS.csproj]
C:\Users\Asad Ali\Documents\GitHub\HTTPS-IAS-Production\AIS\DBConnection.cs(3364,24): warning CS0219: The variable 'emailSubject' is assigned but its value is never used [C:\Users\Asad Ali\Documents\GitHub\HTTPS-IAS-Production\AIS\AIS.csproj]
C:\Users\Asad Ali\Documents\GitHub\HTTPS-IAS-Production\AIS\DBConnection.FRPT.cs(1038,18): warning CS8321: The local function 'HasCompletionFlag' is declared but never used [C:\Users\Asad Ali\Documents\GitHub\HTTPS-IAS-Production\AIS\AIS.csproj]
C:\Users\Asad Ali\Documents\GitHub\HTTPS-IAS-Production\AIS\DBConnection.IID.cs(2329,86): warning CS8632: The annotation for nullable reference types should only be used in code within a '#nullable' annotations context. [C:\Users\Asad Ali\Documents\GitHub\HTTPS-IAS-Production\AIS\AIS.csproj]
C:\Users\Asad Ali\Documents\GitHub\HTTPS-IAS-Production\AIS\DBConnection.IID.cs(2330,86): warning CS8632: The annotation for nullable reference types should only be used in code within a '#nullable' annotations context. [C:\Users\Asad Ali\Documents\GitHub\HTTPS-IAS-Production\AIS\AIS.csproj]
C:\Users\Asad Ali\Documents\GitHub\HTTPS-IAS-Production\AIS\DBConnection.IID.cs(2331,92): warning CS8632: The annotation for nullable reference types should only be used in code within a '#nullable' annotations context. [C:\Users\Asad Ali\Documents\GitHub\HTTPS-IAS-Production\AIS\AIS.csproj]
C:\Users\Asad Ali\Documents\GitHub\HTTPS-IAS-Production\AIS\DBConnection.IID.cs(2332,87): warning CS8632: The annotation for nullable reference types should only be used in code within a '#nullable' annotations context. [C:\Users\Asad Ali\Documents\GitHub\HTTPS-IAS-Production\AIS\AIS.csproj]
warn: AIS.Services.PageIdResolver[0]
      Duplicate PAGE_PATH mapping detected for /Execution/auth_del_dup_para. Using PAGE_ID 292.
warn: AIS.Services.PageIdRouteValidator[0]
      Failed to validate PAGE_ID mappings on startup.
      Oracle.ManagedDataAccess.Client.OracleException (0x80004005): ORA-50201: Oracle Communication: Failed to connect to server or failed to parse connect string
       ---> OracleInternal.Network.NetworkException (0x80004005): ORA-50201: Oracle Communication: Failed to connect to server or failed to parse connect string
       ---> OracleInternal.Network.NetworkException (0x80004005): ORA-50232: Network Transport: TCP transport address connect failure for  host 10.1.100.112 port 1521. (CONNECTION_ID=LRmHX+EoxkyYAd1twYBxMA==)
         at OracleInternal.Network.TcpTransportAdapter.ConnectIterate()
         at OracleInternal.Network.OracleCommunication.ConnectViaCO(ConnectionOption connOption, AddressResolution addrRes, Boolean bAsync)
         at OracleInternal.Network.OracleCommunication.DoConnect(String tnsDescriptor, Boolean bAsync)
         at OracleInternal.Network.OracleCommunication.Connect(String tnsDescriptor, Boolean doNAHandshake, String IName, ConnectionOption CO, Boolean bAsync)
         at OracleInternal.ServiceObjects.OracleConnectionImpl.Connect(ConnectionString cs, Boolean bOpenEndUserSession, OracleConnection connRefForCriteria, String instanceName, Boolean bAsync)
         at OracleInternal.ConnectionPool.PoolManager`3.Get(ConnectionString csWithDiffOrNewPassw, Boolean bGetForApp, OracleConnection connRefForCriteria, String affinityInstanceName, Boolean bForceMatch, Boolean bAsync)
         at OracleInternal.ConnectionPool.OraclePoolManager.Get(ConnectionString csWithNewPassw, Boolean bGetForApp, OracleConnection connRefForCriteria, String affinityInstanceName, Boolean bForceMatch, Boolean bAsync)
         at OracleInternal.ConnectionPool.OracleConnectionDispenser`3.Get(ConnectionString cs, PM conPM, ConnectionString pmCS, OracleOpaqueString securedPassw, OracleOpaqueString securedProxyPassw, OracleConnection connRefForCriteria, Boolean bAsync)
         at Oracle.ManagedDataAccess.Client.OracleConnectionInternal.OpenInternal(Boolean bAsync)
         at Oracle.ManagedDataAccess.Client.OracleConnectionInternal.Open()
         at Oracle.ManagedDataAccess.Client.OracleConnection.Open()
         at AIS.Services.MenuPagesReader.GetActiveMenuPages() in C:\Users\Asad Ali\Documents\GitHub\HTTPS-IAS-Production\AIS\Services\MenuPagesReader.cs:line 27
         at AIS.Services.PageIdRouteValidator.StartAsync(CancellationToken cancellationToken) in C:\Users\Asad Ali\Documents\GitHub\HTTPS-IAS-Production\AIS\Services\PageIdRouteValidator.cs:line 42
info: AIS.Services.LoginViewResolver[0]
      LoginViewResolver detected DBDataSource: 10.1.100.112:1521/qadb18c.ztbl.com.pk
info: AIS.Services.LoginViewResolver[0]
      Login view resolved to index_dev based on DBDataSource configuration. Mode=DEV.
info: AIS.Startup[0]
      HSTS is enabled for this deployment.
info: AIS.Startup[0]
      SMTP configuration loaded. Host=webmail.ztbl.com.pk; Port=587; From=(null).
info: Microsoft.Hosting.Lifetime[14]
      Now listening on: http://127.0.0.1:5110
info: Microsoft.Hosting.Lifetime[0]
      Application started. Press Ctrl+C to shut down.
info: Microsoft.Hosting.Lifetime[0]
      Hosting environment: Development
info: Microsoft.Hosting.Lifetime[0]
      Content root path: C:\Users\Asad Ali\Documents\GitHub\HTTPS-IAS-Production\AIS
warn: Microsoft.AspNetCore.HttpsPolicy.HttpsRedirectionMiddleware[3]
      Failed to determine the https port for redirect.
